[C:/Users/Gabriel/OneDrive/Área de Trabalho/Will/S/backblue.gif]
[C:/Users/Gabriel/OneDrive/Área de Trabalho/Will/S/fade.gif]
[C:/Users/Gabriel/OneDrive/Área de Trabalho/Will/S/index.html]
[C:/Users/Gabriel/OneDrive/Área de Trabalho/Will/S/wilhelmfontoura.com/wp-includes/css/dist/block-library/style.minae48.css]
[C:/Users/Gabriel/OneDrive/Área de Trabalho/Will/S/wilhelmfontoura.com/wp-includes/css/classic-themes.minae48.css]
[C:/Users/Gabriel/OneDrive/Área de Trabalho/Will/S/wilhelmfontoura.com/wp-content/themes/twentytwentyone/stylead05.css]
[C:/Users/Gabriel/OneDrive/Área de Trabalho/Will/S/wilhelmfontoura.com/wp-content/themes/twentytwentyone/assets/css/printad05.css]
[C:/Users/Gabriel/OneDrive/Área de Trabalho/Will/S/wilhelmfontoura.com/wp-content/plugins/elementor/assets/lib/eicons/css/elementor-icons.min3b94.css]
[C:/Users/Gabriel/OneDrive/Área de Trabalho/Will/S/wilhelmfontoura.com/wp-content/plugins/elementor/assets/css/frontend-lite.minfb6f.css]
[C:/Users/Gabriel/OneDrive/Área de Trabalho/Will/S/wilhelmfontoura.com/wp-content/plugins/elementor/assets/lib/swiper/css/swiper.min48f5.css]
[C:/Users/Gabriel/OneDrive/Área de Trabalho/Will/S/wilhelmfontoura.com/wp-content/uploads/elementor/css/post-554d5.css]
[C:/Users/Gabriel/OneDrive/Área de Trabalho/Will/S/wilhelmfontoura.com/wp-content/uploads/elementor/css/global54d5.css]
[C:/Users/Gabriel/OneDrive/Área de Trabalho/Will/S/wilhelmfontoura.com/wp-content/uploads/elementor/css/post-8174e05.css]
[C:/Users/Gabriel/OneDrive/Área de Trabalho/Will/S/wilhelmfontoura.com/wp-content/uploads/2022/03/cropped-44766-32x32.png]
[C:/Users/Gabriel/OneDrive/Área de Trabalho/Will/S/wilhelmfontoura.com/wp-content/uploads/2022/03/cropped-44766-192x192.png]
[C:/Users/Gabriel/OneDrive/Área de Trabalho/Will/S/wilhelmfontoura.com/wp-content/uploads/2022/03/cropped-44766-180x180.png]
[C:/Users/Gabriel/OneDrive/Área de Trabalho/Will/S/images.converteai.net/4da86613-4cca-44a0-bd19-2379014c6cdd/players/6368101c916f4d000bfa36fa/thumbnail.jpg]
[C:/Users/Gabriel/OneDrive/Área de Trabalho/Will/S/wilhelmfontoura.com/wp-content/plugins/elementor/assets/lib/animations/animations.minfb6f.css]
[C:/Users/Gabriel/OneDrive/Área de Trabalho/Will/S/wilhelmfontoura.com/ceculitis/Trident/index.html]
[C:/Users/Gabriel/OneDrive/Área de Trabalho/Will/S/wilhelmfontoura.com/wp-content/themes/twentytwentyone/assets/js/primary-navigationad05.js]
[C:/Users/Gabriel/OneDrive/Área de Trabalho/Will/S/wilhelmfontoura.com/wp-content/themes/twentytwentyone/assets/js/responsive-embedsad05.js]
[C:/Users/Gabriel/OneDrive/Área de Trabalho/Will/S/wilhelmfontoura.com/wp-includes/js/jquery/jquery-migrate.min6b00.js]
[C:/Users/Gabriel/OneDrive/Área de Trabalho/Will/S/wilhelmfontoura.com/wp-content/plugins/elementor/assets/js/frontend-modules.minfb6f.js]
[C:/Users/Gabriel/OneDrive/Área de Trabalho/Will/S/wilhelmfontoura.com/ceculitis/index.html]
[C:/Users/Gabriel/OneDrive/Área de Trabalho/Will/S/wilhelmfontoura.com/wp-includes/css/dist/block-library/style.minae48.css]
[C:/Users/Gabriel/OneDrive/Área de Trabalho/Will/S/wilhelmfontoura.com/wp-includes/css/classic-themes.minae48.css]
[C:/Users/Gabriel/OneDrive/Área de Trabalho/Will/S/wilhelmfontoura.com/wp-content/themes/twentytwentyone/stylead05.css]
[C:/Users/Gabriel/OneDrive/Área de Trabalho/Will/S/wilhelmfontoura.com/wp-content/themes/twentytwentyone/assets/css/printad05.css]
[C:/Users/Gabriel/OneDrive/Área de Trabalho/Will/S/wilhelmfontoura.com/wp-content/plugins/elementor/assets/lib/eicons/css/elementor-icons.min3b94.css]
[C:/Users/Gabriel/OneDrive/Área de Trabalho/Will/S/wilhelmfontoura.com/wp-content/plugins/elementor/assets/css/frontend-lite.minfb6f.css]
[C:/Users/Gabriel/OneDrive/Área de Trabalho/Will/S/wilhelmfontoura.com/wp-content/plugins/elementor/assets/lib/swiper/css/swiper.min48f5.css]
[C:/Users/Gabriel/OneDrive/Área de Trabalho/Will/S/wilhelmfontoura.com/wp-content/uploads/elementor/css/post-554d5.css]
[C:/Users/Gabriel/OneDrive/Área de Trabalho/Will/S/wilhelmfontoura.com/wp-content/uploads/elementor/css/global54d5.css]
[C:/Users/Gabriel/OneDrive/Área de Trabalho/Will/S/wilhelmfontoura.com/wp-content/uploads/elementor/css/post-8174e05.css]
[C:/Users/Gabriel/OneDrive/Área de Trabalho/Will/S/scripts.converteai.net/4da86613-4cca-44a0-bd19-2379014c6cdd/players/6368101c916f4d000bfa36fa/player.js]
[C:/Users/Gabriel/OneDrive/Área de Trabalho/Will/S/wilhelmfontoura.com/ceculitis/Trident/index.html]
[C:/Users/Gabriel/OneDrive/Área de Trabalho/Will/S/wilhelmfontoura.com/wp-content/plugins/elementor/assets/lib/animations/animations.minfb6f.css]
[C:/Users/Gabriel/OneDrive/Área de Trabalho/Will/S/wilhelmfontoura.com/wp-includes/js/jquery/jquery.mina767.js]
[C:/Users/Gabriel/OneDrive/Área de Trabalho/Will/S/wilhelmfontoura.com/wp-content/plugins/elementor/assets/js/frontend.minfb6f.js]
[C:/Users/Gabriel/OneDrive/Área de Trabalho/Will/S/wilhelmfontoura.com/wp-includes/js/jquery/ui/core.min3f14.js]
[C:/Users/Gabriel/OneDrive/Área de Trabalho/Will/S/wilhelmfontoura.com/wp-content/themes/twentytwentyone/assets/js/polyfillsad05.js]
[C:/Users/Gabriel/OneDrive/Área de Trabalho/Will/S/wilhelmfontoura.com/wp-content/plugins/elementor/assets/js/webpack.runtime.minfb6f.js]
[C:/Users/Gabriel/OneDrive/Área de Trabalho/Will/S/wilhelmfontoura.com/wp-content/plugins/elementor/assets/lib/waypoints/waypoints.min05da.js]
